###############################################################################
#
# IAR ELF Linker V9.32.1.338/W64 for ARM                  09/Mar/2023  16:35:39
# Copyright 2007-2022 IAR Systems AB.
#
#    Output file  =
#        C:\Users\IoT03\Documents\iar\sampleUart2_project_split_ksh_v5_wifi\Debug\Exe\sampleUart2.out
#    Map file     =
#        C:\Users\IoT03\Documents\iar\sampleUart2_project_split_ksh_v5_wifi\Debug\List\sampleUart2.map
#    Command line =
#        -f
#        C:\Users\IoT03\Documents\iar\sampleUart2_project_split_ksh_v5_wifi\Debug\Exe\sampleUart2.out.rsp
#        (C:\Users\IoT03\Documents\iar\sampleUart2_project_split_ksh_v5_wifi\Debug\Obj\adc1.o
#        C:\Users\IoT03\Documents\iar\sampleUart2_project_split_ksh_v5_wifi\Debug\Obj\key.o
#        C:\Users\IoT03\Documents\iar\sampleUart2_project_split_ksh_v5_wifi\Debug\Obj\lcd.o
#        C:\Users\IoT03\Documents\iar\sampleUart2_project_split_ksh_v5_wifi\Debug\Obj\main.o
#        C:\Users\IoT03\Documents\iar\sampleUart2_project_split_ksh_v5_wifi\Debug\Obj\STM32\misc.o
#        C:\Users\IoT03\Documents\iar\sampleUart2_project_split_ksh_v5_wifi\Debug\Obj\CMSIS\startup_stm32f40_41xxx.o
#        C:\Users\IoT03\Documents\iar\sampleUart2_project_split_ksh_v5_wifi\Debug\Obj\STM32\stm32f4xx_adc.o
#        C:\Users\IoT03\Documents\iar\sampleUart2_project_split_ksh_v5_wifi\Debug\Obj\STM32\stm32f4xx_exti.o
#        C:\Users\IoT03\Documents\iar\sampleUart2_project_split_ksh_v5_wifi\Debug\Obj\STM32\stm32f4xx_gpio.o
#        C:\Users\IoT03\Documents\iar\sampleUart2_project_split_ksh_v5_wifi\Debug\Obj\COMM\stm32f4xx_it.o
#        C:\Users\IoT03\Documents\iar\sampleUart2_project_split_ksh_v5_wifi\Debug\Obj\STM32\stm32f4xx_rcc.o
#        C:\Users\IoT03\Documents\iar\sampleUart2_project_split_ksh_v5_wifi\Debug\Obj\STM32\stm32f4xx_syscfg.o
#        C:\Users\IoT03\Documents\iar\sampleUart2_project_split_ksh_v5_wifi\Debug\Obj\STM32\stm32f4xx_tim.o
#        C:\Users\IoT03\Documents\iar\sampleUart2_project_split_ksh_v5_wifi\Debug\Obj\STM32\stm32f4xx_usart.o
#        C:\Users\IoT03\Documents\iar\sampleUart2_project_split_ksh_v5_wifi\Debug\Obj\COMM\system_stm32f4xx.o
#        C:\Users\IoT03\Documents\iar\sampleUart2_project_split_ksh_v5_wifi\Debug\Obj\tim10_motor.o
#        C:\Users\IoT03\Documents\iar\sampleUart2_project_split_ksh_v5_wifi\Debug\Obj\tim4_counter.o
#        C:\Users\IoT03\Documents\iar\sampleUart2_project_split_ksh_v5_wifi\Debug\Obj\tim7_fnd.o
#        C:\Users\IoT03\Documents\iar\sampleUart2_project_split_ksh_v5_wifi\Debug\Obj\uart2.o
#        C:\Users\IoT03\Documents\iar\sampleUart2_project_split_ksh_v5_wifi\Debug\Obj\uart4.o
#        C:\Users\IoT03\Documents\iar\sampleUart2_project_split_ksh_v5_wifi\Debug\Obj\wifi.o
#        --no_out_extension -o
#        C:\Users\IoT03\Documents\iar\sampleUart2_project_split_ksh_v5_wifi\Debug\Exe\sampleUart2.out
#        --redirect _Printf=_PrintfFullNoMb --redirect _Scanf=_ScanfFullNoMb
#        --map
#        C:\Users\IoT03\Documents\iar\sampleUart2_project_split_ksh_v5_wifi\Debug\List\sampleUart2.map
#        --config
#        C:\Users\IoT03\Documents\iar\sampleUart2_project_split_ksh_v5_wifi\stm32f405xG.icf
#        --semihosting --entry __iar_program_start --vfe --text_out locale
#        --cpu=Cortex-M4 --fpu=VFPv4_sp)
#
###############################################################################

*******************************************************************************
*** RUNTIME MODEL ATTRIBUTES
***

CppFlavor       = *
__CPP_Runtime   = 1
__SystemLibrary = DLib
__dlib_version  = 6


*******************************************************************************
*** HEAP SELECTION
***

The basic heap was selected because --advanced_heap
was not specified and the application did not appear to
be primarily optimized for speed.


*******************************************************************************
*** PLACEMENT SUMMARY
***

"A0":  place at address 0x800'0000 { ro section .intvec };
"P1":  place in [from 0x800'0000 to 0x80f'ffff] { ro };
define block CSTACK with size = 8K, alignment = 8 { };
define block HEAP with size = 8K, alignment = 8 { };
"P2":  place in [from 0x2000'0000 to 0x2001'ffff] {
          rw, block CSTACK, block HEAP };
initialize by copy { rw };

No sections matched the following patterns:

  section .sram  in "P3"


  Section            Kind         Address    Size  Object
  -------            ----         -------    ----  ------
"A0":                                       0x188
  .intvec            ro code   0x800'0000   0x188  startup_stm32f40_41xxx.o [2]
                             - 0x800'0188   0x188

"P1":                                      0x4093
  .text              ro code   0x800'0188   0xeca  xprintffull_nomb.o [5]
  .text              ro code   0x800'1052    0x7e  lz77_init_single.o [7]
  .text              ro code   0x800'10d0    0x16  strchr.o [7]
  .text              ro code   0x800'10e6    0x12  stm32f4xx_it.o [3]
  .text              ro code   0x800'10f8    0x40  xfail_s.o [5]
  .text              ro code   0x800'1138    0x36  strlen.o [7]
  .text              ro code   0x800'116e     0xa  xsprout.o [5]
  .text              ro code   0x800'1178    0x58  memchr.o [7]
  .text              ro code   0x800'11d0    0xa6  ABImemcpy.o [7]
  .rodata            const     0x800'1276     0x2  xlocale_c.o [5]
  .text              ro code   0x800'1278    0x70  frexp.o [6]
  .text              ro code   0x800'12e8    0x34  DblCmpLe.o [6]
  .text              ro code   0x800'131c    0x34  DblCmpGe.o [6]
  .text              ro code   0x800'1350   0x13a  ldexp.o [6]
  .rodata            const     0x800'148a     0x2  xlocale_c.o [5]
  .text              ro code   0x800'148c    0x36  DblToS32.o [6]
  .rodata            const     0x800'14c2     0x1  xlocale_c.o [5]
  .text              ro code   0x800'14c4    0x22  S32ToDbl.o [6]
  .text              ro code   0x800'14e8   0x24e  DblAddSub.o [6]
  .text              ro code   0x800'1738   0x246  DblDiv.o [6]
  .text              ro code   0x800'1980    0x22  DblToU32.o [6]
  .text              ro code   0x800'19a4    0x1c  U32ToDbl.o [6]
  .text              ro code   0x800'19c0   0x1aa  DblMul.o [6]
  .text              ro code   0x800'1b6c    0x3c  xlocale_c.o [5]
  .text              ro code   0x800'1ba8   0x230  I64DivMod.o [7]
  .text              ro code   0x800'1dd8     0x6  abort.o [5]
  .text              ro code   0x800'1de0     0x2  I64DivZer.o [7]
  .text              ro code   0x800'1de4    0x14  exit.o [8]
  .text              ro code   0x800'1df8   0x470  main.o [1]
  .text              ro code   0x800'2268   0x11c  key.o [1]
  .text              ro code   0x800'2384   0x224  tim7_fnd.o [1]
  .text              ro code   0x800'25a8   0x168  uart2.o [1]
  .text              ro code   0x800'2710   0x124  uart4.o [1]
  .text              ro code   0x800'2834    0xc4  tim10_motor.o [1]
  .text              ro code   0x800'28f8    0xc8  tim4_counter.o [1]
  .text              ro code   0x800'29c0   0x1a6  lcd.o [1]
  .text              ro code   0x800'2b68   0x104  adc1.o [1]
  .text              ro code   0x800'2c6c   0x278  wifi.o [1]
  .text              ro code   0x800'2ee4    0x40  sprintf.o [5]
  .text              ro code   0x800'2f24    0x2a  strncmp.o [5]
  .text              ro code   0x800'2f50    0x18  strcpy.o [7]
  .text              ro code   0x800'2f68    0x28  printf.o [5]
  .text              ro code   0x800'2f90   0x1d8  stm32f4xx_adc.o [4]
  .text              ro code   0x800'3168     0x8  abs.o [5]
  .text              ro code   0x800'3170     0x6  ABImemclr4.o [7]
  .text              ro code   0x800'3178    0x66  ABImemset.o [7]
  .text              ro code   0x800'31e0    0x4c  strtok.o [5]
  .text              ro code   0x800'322c    0x12  strcmp.o [7]
  .text              ro code   0x800'3240   0x14e  iar_Stoulx.o [5]
  .text              ro code   0x800'3390   0x102  stm32f4xx_gpio.o [4]
  .text              ro code   0x800'3494   0x130  stm32f4xx_rcc.o [4]
  .text              ro code   0x800'35c4    0xa8  stm32f4xx_exti.o [4]
  .text              ro code   0x800'366c    0x50  stm32f4xx_syscfg.o [4]
  .text              ro code   0x800'36bc    0x80  misc.o [4]
  .text              ro code   0x800'373c   0x248  stm32f4xx_tim.o [4]
  .text              ro code   0x800'3984   0x1c6  stm32f4xx_usart.o [4]
  .text              ro code   0x800'3b4c    0x32  ABImemset48.o [7]
  .text              ro code   0x800'3b7e    0x22  strspn.o [5]
  .text              ro code   0x800'3ba0    0x22  strcspn.o [5]
  .text              ro code   0x800'3bc2    0x14  isspace.o [5]
  .text              ro code   0x800'3bd6    0x14  tolower.o [5]
  .text              ro code   0x800'3bec   0x124  system_stm32f4xx.o [3]
  .rodata            const     0x800'3d10    0x50  iar_Stoulx.o [5]
  .text              ro code   0x800'3d60    0x38  zero_init3.o [7]
  .text              ro code   0x800'3d98    0x28  data_init.o [7]
  .text              ro code   0x800'3dc0    0x22  fpinit_M.o [6]
  .iar.init_table    const     0x800'3de4    0x20  - Linker created -
  .text              ro code   0x800'3e04    0x1e  cmain.o [7]
  .text              ro code   0x800'3e22     0x4  low_level_init.o [5]
  .text              ro code   0x800'3e26     0x4  exit.o [5]
  .text              ro code   0x800'3e2c     0xa  cexit.o [7]
  .rodata            const     0x800'3e38    0x1c  wifi.o [1]
  .rodata            const     0x800'3e54    0x1c  wifi.o [1]
  .rodata            const     0x800'3e70    0x1c  wifi.o [1]
  .text              ro code   0x800'3e8c    0x1c  cstartup_M.o [7]
  .rodata            const     0x800'3ea8    0x18  wifi.o [1]
  .rodata            const     0x800'3ec0    0x18  wifi.o [1]
  .text              ro code   0x800'3ed8    0x16  xprout.o [5]
  .rodata            const     0x800'3ef0    0x14  main.o [1]
  .rodata            const     0x800'3f04    0x14  wifi.o [1]
  .rodata            const     0x800'3f18    0x14  wifi.o [1]
  .rodata            const     0x800'3f2c    0x10  main.o [1]
  .rodata            const     0x800'3f3c    0x10  main.o [1]
  .rodata            const     0x800'3f4c    0x10  main.o [1]
  .rodata            const     0x800'3f5c    0x10  main.o [1]
  .rodata            const     0x800'3f6c    0x10  main.o [1]
  .rodata            const     0x800'3f7c    0x10  main.o [1]
  .rodata            const     0x800'3f8c    0x10  main.o [1]
  .rodata            const     0x800'3f9c    0x10  wifi.o [1]
  .rodata            const     0x800'3fac    0x10  wifi.o [1]
  .rodata            const     0x800'3fbc    0x10  wifi.o [1]
  .rodata            const     0x800'3fcc    0x10  wifi.o [1]
  .text              ro code   0x800'3fdc    0x10  startup_stm32f40_41xxx.o [2]
  .rodata            const     0x800'3fec     0xc  main.o [1]
  .rodata            const     0x800'3ff8     0xc  main.o [1]
  .rodata            const     0x800'4004     0xc  main.o [1]
  .rodata            const     0x800'4010     0xc  main.o [1]
  .rodata            const     0x800'401c     0xc  wifi.o [1]
  .rodata            const     0x800'4028     0xc  wifi.o [1]
  .rodata            const     0x800'4034     0xc  wifi.o [1]
  .rodata            const     0x800'4040     0xc  wifi.o [1]
  .rodata            const     0x800'404c     0x8  main.o [1]
  .rodata            const     0x800'4054     0x8  main.o [1]
  .rodata            const     0x800'405c     0x8  main.o [1]
  .rodata            const     0x800'4064     0x8  main.o [1]
  .rodata            const     0x800'406c     0x8  main.o [1]
  .rodata            const     0x800'4074     0x8  wifi.o [1]
  .rodata            const     0x800'407c     0x8  wifi.o [1]
  .rodata            const     0x800'4084     0x8  wifi.o [1]
  .rodata            const     0x800'408c     0x8  wifi.o [1]
  .text              ro code   0x800'4094     0x4  startup_stm32f40_41xxx.o [2]
  .text              ro code   0x800'4098     0x4  startup_stm32f40_41xxx.o [2]
  .text              ro code   0x800'409c     0x4  startup_stm32f40_41xxx.o [2]
  .text              ro code   0x800'40a0     0x4  startup_stm32f40_41xxx.o [2]
  .text              ro code   0x800'40a4     0x4  startup_stm32f40_41xxx.o [2]
  .text              ro code   0x800'40a8     0x4  startup_stm32f40_41xxx.o [2]
  .text              ro code   0x800'40ac     0x4  startup_stm32f40_41xxx.o [2]
  .text              ro code   0x800'40b0     0x4  startup_stm32f40_41xxx.o [2]
  .text              ro code   0x800'40b4     0x4  startup_stm32f40_41xxx.o [2]
  .text              ro code   0x800'40b8     0x4  startup_stm32f40_41xxx.o [2]
  .text              ro code   0x800'40bc     0x4  startup_stm32f40_41xxx.o [2]
  .text              ro code   0x800'40c0     0x4  startup_stm32f40_41xxx.o [2]
  .text              ro code   0x800'40c4     0x4  startup_stm32f40_41xxx.o [2]
  .text              ro code   0x800'40c8     0x4  startup_stm32f40_41xxx.o [2]
  .text              ro code   0x800'40cc     0x4  startup_stm32f40_41xxx.o [2]
  .text              ro code   0x800'40d0     0x4  startup_stm32f40_41xxx.o [2]
  .text              ro code   0x800'40d4     0x4  startup_stm32f40_41xxx.o [2]
  .text              ro code   0x800'40d8     0x4  startup_stm32f40_41xxx.o [2]
  .text              ro code   0x800'40dc     0x4  startup_stm32f40_41xxx.o [2]
  .text              ro code   0x800'40e0     0x4  startup_stm32f40_41xxx.o [2]
  .text              ro code   0x800'40e4     0x4  startup_stm32f40_41xxx.o [2]
  .text              ro code   0x800'40e8     0x4  startup_stm32f40_41xxx.o [2]
  .text              ro code   0x800'40ec     0x4  startup_stm32f40_41xxx.o [2]
  .text              ro code   0x800'40f0     0x4  startup_stm32f40_41xxx.o [2]
  .text              ro code   0x800'40f4     0x4  startup_stm32f40_41xxx.o [2]
  .text              ro code   0x800'40f8     0x4  startup_stm32f40_41xxx.o [2]
  .text              ro code   0x800'40fc     0x4  startup_stm32f40_41xxx.o [2]
  .text              ro code   0x800'4100     0x4  startup_stm32f40_41xxx.o [2]
  .text              ro code   0x800'4104     0x4  startup_stm32f40_41xxx.o [2]
  .text              ro code   0x800'4108     0x4  startup_stm32f40_41xxx.o [2]
  .text              ro code   0x800'410c     0x4  startup_stm32f40_41xxx.o [2]
  .text              ro code   0x800'4110     0x4  startup_stm32f40_41xxx.o [2]
  .text              ro code   0x800'4114     0x4  startup_stm32f40_41xxx.o [2]
  .text              ro code   0x800'4118     0x4  startup_stm32f40_41xxx.o [2]
  .text              ro code   0x800'411c     0x4  startup_stm32f40_41xxx.o [2]
  .text              ro code   0x800'4120     0x4  startup_stm32f40_41xxx.o [2]
  .text              ro code   0x800'4124     0x4  startup_stm32f40_41xxx.o [2]
  .text              ro code   0x800'4128     0x4  startup_stm32f40_41xxx.o [2]
  .text              ro code   0x800'412c     0x4  startup_stm32f40_41xxx.o [2]
  .text              ro code   0x800'4130     0x4  startup_stm32f40_41xxx.o [2]
  .text              ro code   0x800'4134     0x4  startup_stm32f40_41xxx.o [2]
  .text              ro code   0x800'4138     0x4  startup_stm32f40_41xxx.o [2]
  .text              ro code   0x800'413c     0x4  startup_stm32f40_41xxx.o [2]
  .text              ro code   0x800'4140     0x4  startup_stm32f40_41xxx.o [2]
  .text              ro code   0x800'4144     0x4  startup_stm32f40_41xxx.o [2]
  .text              ro code   0x800'4148     0x4  startup_stm32f40_41xxx.o [2]
  .text              ro code   0x800'414c     0x4  startup_stm32f40_41xxx.o [2]
  .text              ro code   0x800'4150     0x4  startup_stm32f40_41xxx.o [2]
  .text              ro code   0x800'4154     0x4  startup_stm32f40_41xxx.o [2]
  .text              ro code   0x800'4158     0x4  startup_stm32f40_41xxx.o [2]
  .text              ro code   0x800'415c     0x4  startup_stm32f40_41xxx.o [2]
  .text              ro code   0x800'4160     0x4  startup_stm32f40_41xxx.o [2]
  .text              ro code   0x800'4164     0x4  startup_stm32f40_41xxx.o [2]
  .text              ro code   0x800'4168     0x4  startup_stm32f40_41xxx.o [2]
  .text              ro code   0x800'416c     0x4  startup_stm32f40_41xxx.o [2]
  .text              ro code   0x800'4170     0x4  startup_stm32f40_41xxx.o [2]
  .text              ro code   0x800'4174     0x4  startup_stm32f40_41xxx.o [2]
  .text              ro code   0x800'4178     0x4  startup_stm32f40_41xxx.o [2]
  .text              ro code   0x800'417c     0x4  startup_stm32f40_41xxx.o [2]
  .text              ro code   0x800'4180     0x4  startup_stm32f40_41xxx.o [2]
  .text              ro code   0x800'4184     0x4  startup_stm32f40_41xxx.o [2]
  .text              ro code   0x800'4188     0x4  startup_stm32f40_41xxx.o [2]
  .text              ro code   0x800'418c     0x4  startup_stm32f40_41xxx.o [2]
  .text              ro code   0x800'4190     0x4  startup_stm32f40_41xxx.o [2]
  .text              ro code   0x800'4194     0x4  startup_stm32f40_41xxx.o [2]
  .text              ro code   0x800'4198     0x4  startup_stm32f40_41xxx.o [2]
  .text              ro code   0x800'419c     0x4  startup_stm32f40_41xxx.o [2]
  .text              ro code   0x800'41a0     0x4  startup_stm32f40_41xxx.o [2]
  .text              ro code   0x800'41a4     0x4  startup_stm32f40_41xxx.o [2]
  .text              ro code   0x800'41a8     0x4  startup_stm32f40_41xxx.o [2]
  .text              ro code   0x800'41ac     0x4  startup_stm32f40_41xxx.o [2]
  .text              ro code   0x800'41b0     0x4  startup_stm32f40_41xxx.o [2]
  .text              ro code   0x800'41b4     0x4  startup_stm32f40_41xxx.o [2]
  .text              ro code   0x800'41b8     0x4  startup_stm32f40_41xxx.o [2]
  .text              ro code   0x800'41bc     0x4  startup_stm32f40_41xxx.o [2]
  .text              ro code   0x800'41c0     0x4  startup_stm32f40_41xxx.o [2]
  .rodata            const     0x800'41c4     0x0  zero_init3.o [7]
  .rodata            const     0x800'41c4     0x0  lz77_init_single.o [7]
  Initializer bytes  const     0x800'41c4    0x57  <for P2-1>
                             - 0x800'421b  0x4093

"P2", part 1 of 3:                           0xac
  P2-1                        0x2000'0000    0xac  <Init block>
    .data            inited   0x2000'0000     0x4  main.o [1]
    .data            inited   0x2000'0004    0x10  stm32f4xx_rcc.o [4]
    .data            inited   0x2000'0014    0x14  tim7_fnd.o [1]
    .data            inited   0x2000'0028     0x4  tim7_fnd.o [1]
    .data            inited   0x2000'002c    0x38  xlocale_c.o [5]
    .data            inited   0x2000'0064    0x48  xlocale_c.o [5]
                            - 0x2000'00ac    0xac

"P2", part 2 of 3:                          0x2dc
  .bss               zero     0x2000'00ac   0x1f4  wifi.o [1]
  .bss               zero     0x2000'02a0    0x34  main.o [1]
  .bss               zero     0x2000'02d4    0x34  main.o [1]
  .bss               zero     0x2000'0308    0x34  uart2.o [1]
  .bss               zero     0x2000'033c     0x4  adc1.o [1]
  .bss               zero     0x2000'0340     0x4  key.o [1]
  .bss               zero     0x2000'0344     0x4  tim4_counter.o [1]
  .bss               zero     0x2000'0348     0x4  tim7_fnd.o [1]
  .bss               zero     0x2000'034c     0x4  tim7_fnd.o [1]
  .bss               zero     0x2000'0350     0x4  tim7_fnd.o [1]
  .bss               zero     0x2000'0354     0x4  tim7_fnd.o [1]
  .bss               zero     0x2000'0358     0x4  tim7_fnd.o [1]
  .bss               zero     0x2000'035c     0x4  tim7_fnd.o [1]
  .bss               zero     0x2000'0360     0x4  tim7_fnd.o [1]
  .bss               zero     0x2000'0364     0x4  tim7_fnd.o [1]
  .bss               zero     0x2000'0368     0x4  tim7_fnd.o [1]
  .bss               zero     0x2000'036c     0x4  tim7_fnd.o [1]
  .bss               zero     0x2000'0370     0x4  uart2.o [1]
  .bss               zero     0x2000'0374     0x4  wifi.o [1]
  .bss               zero     0x2000'0378     0x4  strtok.o [5]
  .bss               zero     0x2000'037c     0x4  xfail_s.o [5]
  .bss               zero     0x2000'0380     0x2  adc1.o [1]
  .bss               zero     0x2000'0382     0x1  uart2.o [1]
  .bss               zero     0x2000'0383     0x1  uart4.o [1]
  .bss               zero     0x2000'0384     0x1  uart4.o [1]
                            - 0x2000'0385   0x2d9

"P2", part 3 of 3:                         0x2000
  CSTACK                      0x2000'0388  0x2000  <Block>
    CSTACK           uninit   0x2000'0388  0x2000  <Block tail>
                            - 0x2000'2388  0x2000

Unused ranges:

         From           To      Size
         ----           --      ----
   0x800'421b   0x80f'ffff  0xf'bde5
  0x2000'2388  0x2001'ffff  0x1'dc78


*******************************************************************************
*** INIT TABLE
***

          Address      Size
          -------      ----
Zero (__iar_zero_init3)
    1 destination range, total size 0x2d9:
          0x2000'00ac  0x2d9

Copy/lz77 (__iar_lz77_init_single3)
    1 source range, total size 0x57 (50% of destination):
           0x800'41c4   0x57
    1 destination range, total size 0xac:
          0x2000'0000   0xac



*******************************************************************************
*** MODULE SUMMARY
***

    Module                    ro code  ro data  rw data
    ------                    -------  -------  -------
command line/config:
    ---------------------------------------------------
    Total:

C:\Users\IoT03\Documents\iar\sampleUart2_project_split_ksh_v5_wifi\Debug\Obj: [1]
    adc1.o                        260                 6
    key.o                         284                 4
    lcd.o                         422
    main.o                      1'136      222      108
    tim10_motor.o                 196
    tim4_counter.o                200                 4
    tim7_fnd.o                    548       12       64
    uart2.o                       360                57
    uart4.o                       292                 2
    wifi.o                        632      316      504
    ---------------------------------------------------
    Total:                      4'330      550      749

C:\Users\IoT03\Documents\iar\sampleUart2_project_split_ksh_v5_wifi\Debug\Obj\CMSIS: [2]
    startup_stm32f40_41xxx.o      712
    ---------------------------------------------------
    Total:                        712

C:\Users\IoT03\Documents\iar\sampleUart2_project_split_ksh_v5_wifi\Debug\Obj\COMM: [3]
    stm32f4xx_it.o                 18
    system_stm32f4xx.o            292
    ---------------------------------------------------
    Total:                        310

C:\Users\IoT03\Documents\iar\sampleUart2_project_split_ksh_v5_wifi\Debug\Obj\STM32: [4]
    misc.o                        128
    stm32f4xx_adc.o               472
    stm32f4xx_exti.o              168
    stm32f4xx_gpio.o              258
    stm32f4xx_rcc.o               304        8       16
    stm32f4xx_syscfg.o             80
    stm32f4xx_tim.o               584
    stm32f4xx_usart.o             454
    ---------------------------------------------------
    Total:                      2'448        8       16

dl7M_tlf.a: [5]
    abort.o                         6
    abs.o                           8
    exit.o                          4
    iar_Stoulx.o                  334       80
    isspace.o                      20
    low_level_init.o                4
    printf.o                       40
    sprintf.o                      64
    strcspn.o                      34
    strncmp.o                      42
    strspn.o                       34
    strtok.o                       76                 4
    tolower.o                      20
    xfail_s.o                      64                 4
    xlocale_c.o                    60       70      128
    xprintffull_nomb.o          3'786
    xprout.o                       22
    xsprout.o                      10
    ---------------------------------------------------
    Total:                      4'628      150      136

m7M_tls.a: [6]
    DblAddSub.o                   590
    DblCmpGe.o                     52
    DblCmpLe.o                     52
    DblDiv.o                      582
    DblMul.o                      426
    DblToS32.o                     54
    DblToU32.o                     34
    S32ToDbl.o                     34
    U32ToDbl.o                     28
    fpinit_M.o                     34
    frexp.o                       112
    ldexp.o                       314
    ---------------------------------------------------
    Total:                      2'312

rt7M_tl.a: [7]
    ABImemclr4.o                    6
    ABImemcpy.o                   166
    ABImemset.o                   102
    ABImemset48.o                  50
    I64DivMod.o                   560
    I64DivZer.o                     2
    cexit.o                        10
    cmain.o                        30
    cstartup_M.o                   28
    data_init.o                    40
    lz77_init_single.o            126
    memchr.o                       88
    strchr.o                       22
    strcmp.o                       18
    strcpy.o                       24
    strlen.o                       54
    zero_init3.o                   56
    ---------------------------------------------------
    Total:                      1'382

shb_l.a: [8]
    exit.o                         20
    ---------------------------------------------------
    Total:                         20

    Gaps                           35        6
    Linker created                          32    8'192
-------------------------------------------------------
    Grand Total:               16'177      746    9'093


*******************************************************************************
*** ENTRY LIST
***

Entry                       Address   Size  Type      Object
-----                       -------   ----  ----      ------
.iar.init_table$$Base    0x800'3de4          --   Gb  - Linker created -
.iar.init_table$$Limit   0x800'3e04          --   Gb  - Linker created -
?main                    0x800'3e05         Code  Gb  cmain.o [7]
ADC_ClearITPendingBit    0x800'315b    0xe  Code  Gb  stm32f4xx_adc.o [4]
ADC_Cmd                  0x800'2ff9   0x1a  Code  Gb  stm32f4xx_adc.o [4]
ADC_CommonInit           0x800'2fdb   0x1e  Code  Gb  stm32f4xx_adc.o [4]
ADC_GetConversionValue   0x800'30f1    0x6  Code  Gb  stm32f4xx_adc.o [4]
ADC_GetITStatus          0x800'312b   0x30  Code  Gb  stm32f4xx_adc.o [4]
ADC_IRQHandler           0x800'2c2f   0x2e  Code  Gb  adc1.o [1]
ADC_ITConfig             0x800'3109   0x22  Code  Gb  stm32f4xx_adc.o [4]
ADC_Init                 0x800'2f91   0x4a  Code  Gb  stm32f4xx_adc.o [4]
ADC_RegularChannelConfig
                         0x800'3013   0xd4  Code  Gb  stm32f4xx_adc.o [4]
ADC_SoftwareStartConv    0x800'30e7    0xa  Code  Gb  stm32f4xx_adc.o [4]
APBAHBPrescTable        0x2000'0004   0x10  Data  Lc  stm32f4xx_rcc.o [4]
BusFault_Handler         0x800'10ed    0x2  Code  Gb  stm32f4xx_it.o [3]
CAN1_RX0_IRQHandler      0x800'40e1         Code  Wk  startup_stm32f40_41xxx.o [2]
CAN1_RX1_IRQHandler      0x800'40e5         Code  Wk  startup_stm32f40_41xxx.o [2]
CAN1_SCE_IRQHandler      0x800'40e9         Code  Wk  startup_stm32f40_41xxx.o [2]
CAN1_TX_IRQHandler       0x800'40dd         Code  Wk  startup_stm32f40_41xxx.o [2]
CAN2_RX0_IRQHandler      0x800'417d         Code  Wk  startup_stm32f40_41xxx.o [2]
CAN2_RX1_IRQHandler      0x800'4181         Code  Wk  startup_stm32f40_41xxx.o [2]
CAN2_SCE_IRQHandler      0x800'4185         Code  Wk  startup_stm32f40_41xxx.o [2]
CAN2_TX_IRQHandler       0x800'4179         Code  Wk  startup_stm32f40_41xxx.o [2]
CRYP_IRQHandler          0x800'41b9         Code  Wk  startup_stm32f40_41xxx.o [2]
CSTACK$$Base            0x2000'0388          --   Gb  - Linker created -
CSTACK$$Limit           0x2000'2388          --   Gb  - Linker created -
DCMI_IRQHandler          0x800'41b5         Code  Wk  startup_stm32f40_41xxx.o [2]
DMA1_Stream0_IRQHandler
                         0x800'40c1         Code  Wk  startup_stm32f40_41xxx.o [2]
DMA1_Stream1_IRQHandler
                         0x800'40c5         Code  Wk  startup_stm32f40_41xxx.o [2]
DMA1_Stream2_IRQHandler
                         0x800'40c9         Code  Wk  startup_stm32f40_41xxx.o [2]
DMA1_Stream3_IRQHandler
                         0x800'40cd         Code  Wk  startup_stm32f40_41xxx.o [2]
DMA1_Stream4_IRQHandler
                         0x800'40d1         Code  Wk  startup_stm32f40_41xxx.o [2]
DMA1_Stream5_IRQHandler
                         0x800'40d5         Code  Wk  startup_stm32f40_41xxx.o [2]
DMA1_Stream6_IRQHandler
                         0x800'40d9         Code  Wk  startup_stm32f40_41xxx.o [2]
DMA1_Stream7_IRQHandler
                         0x800'4141         Code  Wk  startup_stm32f40_41xxx.o [2]
DMA2_Stream0_IRQHandler
                         0x800'415d         Code  Wk  startup_stm32f40_41xxx.o [2]
DMA2_Stream1_IRQHandler
                         0x800'4161         Code  Wk  startup_stm32f40_41xxx.o [2]
DMA2_Stream2_IRQHandler
                         0x800'4165         Code  Wk  startup_stm32f40_41xxx.o [2]
DMA2_Stream3_IRQHandler
                         0x800'4169         Code  Wk  startup_stm32f40_41xxx.o [2]
DMA2_Stream4_IRQHandler
                         0x800'416d         Code  Wk  startup_stm32f40_41xxx.o [2]
DMA2_Stream5_IRQHandler
                         0x800'418d         Code  Wk  startup_stm32f40_41xxx.o [2]
DMA2_Stream6_IRQHandler
                         0x800'4191         Code  Wk  startup_stm32f40_41xxx.o [2]
DMA2_Stream7_IRQHandler
                         0x800'4195         Code  Wk  startup_stm32f40_41xxx.o [2]
DebugMon_Handler         0x800'10f3    0x2  Code  Gb  stm32f4xx_it.o [3]
Delay                    0x800'29c1   0x20  Code  Lc  lcd.o [1]
Delay_us                 0x800'29e1   0x1c  Code  Lc  lcd.o [1]
ETH_IRQHandler           0x800'4171         Code  Wk  startup_stm32f40_41xxx.o [2]
ETH_WKUP_IRQHandler      0x800'4175         Code  Wk  startup_stm32f40_41xxx.o [2]
EXTI0_IRQHandler         0x800'40ad         Code  Wk  startup_stm32f40_41xxx.o [2]
EXTI15_10_IRQHandler     0x800'2309   0x72  Code  Gb  key.o [1]
EXTI1_IRQHandler         0x800'40b1         Code  Wk  startup_stm32f40_41xxx.o [2]
EXTI2_IRQHandler         0x800'40b5         Code  Wk  startup_stm32f40_41xxx.o [2]
EXTI3_IRQHandler         0x800'40b9         Code  Wk  startup_stm32f40_41xxx.o [2]
EXTI4_IRQHandler         0x800'40bd         Code  Wk  startup_stm32f40_41xxx.o [2]
EXTI9_5_IRQHandler       0x800'40ed         Code  Wk  startup_stm32f40_41xxx.o [2]
EXTI_ClearITPendingBit   0x800'3651    0x6  Code  Gb  stm32f4xx_exti.o [4]
EXTI_GetITStatus         0x800'363d   0x14  Code  Gb  stm32f4xx_exti.o [4]
EXTI_Init                0x800'35c5   0x78  Code  Gb  stm32f4xx_exti.o [4]
E_Pulse                  0x800'2a3f   0x1c  Code  Gb  lcd.o [1]
FLASH_IRQHandler         0x800'40a5         Code  Wk  startup_stm32f40_41xxx.o [2]
FPU_IRQHandler           0x800'41c1         Code  Wk  startup_stm32f40_41xxx.o [2]
FSMC_IRQHandler          0x800'4145         Code  Wk  startup_stm32f40_41xxx.o [2]
Font                    0x2000'0014   0x14  Data  Gb  tim7_fnd.o [1]
Func_Set                 0x800'2a5b   0x24  Code  Gb  lcd.o [1]
GPIOAB_LCD_Init          0x800'29fd   0x42  Code  Gb  lcd.o [1]
GPIO_Init                0x800'3391   0x90  Code  Gb  stm32f4xx_gpio.o [4]
GPIO_PinAFConfig         0x800'3443   0x50  Code  Gb  stm32f4xx_gpio.o [4]
GPIO_ReadInputData       0x800'3421    0x6  Code  Gb  stm32f4xx_gpio.o [4]
GPIO_ResetBits           0x800'342b    0x4  Code  Gb  stm32f4xx_gpio.o [4]
GPIO_SetBits             0x800'3427    0x4  Code  Gb  stm32f4xx_gpio.o [4]
GPIO_Write               0x800'343d    0x6  Code  Gb  stm32f4xx_gpio.o [4]
GPIO_WriteBit            0x800'342f    0xe  Code  Gb  stm32f4xx_gpio.o [4]
HASH_RNG_IRQHandler      0x800'41bd         Code  Wk  startup_stm32f40_41xxx.o [2]
HardFault_Handler        0x800'10e9    0x2  Code  Gb  stm32f4xx_it.o [3]
I2C1_ER_IRQHandler       0x800'410d         Code  Wk  startup_stm32f40_41xxx.o [2]
I2C1_EV_IRQHandler       0x800'4109         Code  Wk  startup_stm32f40_41xxx.o [2]
I2C2_ER_IRQHandler       0x800'4115         Code  Wk  startup_stm32f40_41xxx.o [2]
I2C2_EV_IRQHandler       0x800'4111         Code  Wk  startup_stm32f40_41xxx.o [2]
I2C3_ER_IRQHandler       0x800'41a1         Code  Wk  startup_stm32f40_41xxx.o [2]
I2C3_EV_IRQHandler       0x800'419d         Code  Wk  startup_stm32f40_41xxx.o [2]
Init_ADC1                0x800'2b69   0xc6  Code  Gb  adc1.o [1]
Init_LCD                 0x800'2a7f   0x52  Code  Gb  lcd.o [1]
Key_Init                 0x800'2269   0xa0  Code  Gb  key.o [1]
MemManage_Handler        0x800'10eb    0x2  Code  Gb  stm32f4xx_it.o [3]
Motor_Left               0x800'217b   0x1e  Code  Gb  main.o [1]
Motor_Pwm                0x800'21b7    0x6  Code  Gb  main.o [1]
Motor_Right              0x800'215d   0x1e  Code  Gb  main.o [1]
Motor_Stop               0x800'2199   0x1e  Code  Gb  main.o [1]
NMI_Handler              0x800'10e7    0x2  Code  Gb  stm32f4xx_it.o [3]
NVIC_Init                0x800'36c7   0x62  Code  Gb  misc.o [4]
NVIC_PriorityGroupConfig
                         0x800'36bd    0xa  Code  Gb  misc.o [4]
OTG_FS_IRQHandler        0x800'4189         Code  Wk  startup_stm32f40_41xxx.o [2]
OTG_FS_WKUP_IRQHandler   0x800'412d         Code  Wk  startup_stm32f40_41xxx.o [2]
OTG_HS_EP1_IN_IRQHandler
                         0x800'41a9         Code  Wk  startup_stm32f40_41xxx.o [2]
OTG_HS_EP1_OUT_IRQHandler
                         0x800'41a5         Code  Wk  startup_stm32f40_41xxx.o [2]
OTG_HS_IRQHandler        0x800'41b1         Code  Wk  startup_stm32f40_41xxx.o [2]
OTG_HS_WKUP_IRQHandler   0x800'41ad         Code  Wk  startup_stm32f40_41xxx.o [2]
PVD_IRQHandler           0x800'4099         Code  Wk  startup_stm32f40_41xxx.o [2]
PendSV_Handler           0x800'10f5    0x2  Code  Gb  stm32f4xx_it.o [3]
RCC_AHB1PeriphClockCmd   0x800'3551   0x1c  Code  Gb  stm32f4xx_rcc.o [4]
RCC_APB1PeriphClockCmd   0x800'356d   0x1c  Code  Gb  stm32f4xx_rcc.o [4]
RCC_APB2PeriphClockCmd   0x800'3589   0x1c  Code  Gb  stm32f4xx_rcc.o [4]
RCC_GetClocksFreq        0x800'3495   0xbc  Code  Gb  stm32f4xx_rcc.o [4]
RCC_IRQHandler           0x800'40a9         Code  Wk  startup_stm32f40_41xxx.o [2]
RTC_Alarm_IRQHandler     0x800'4129         Code  Wk  startup_stm32f40_41xxx.o [2]
RTC_WKUP_IRQHandler      0x800'40a1         Code  Wk  startup_stm32f40_41xxx.o [2]
Region$$Table$$Base      0x800'3de4          --   Gb  - Linker created -
Region$$Table$$Limit     0x800'3e04          --   Gb  - Linker created -
Reset_Handler            0x800'3fdd         Code  Wk  startup_stm32f40_41xxx.o [2]
SDIO_IRQHandler          0x800'4149         Code  Wk  startup_stm32f40_41xxx.o [2]
SPI1_IRQHandler          0x800'4119         Code  Wk  startup_stm32f40_41xxx.o [2]
SPI2_IRQHandler          0x800'411d         Code  Wk  startup_stm32f40_41xxx.o [2]
SPI3_IRQHandler          0x800'4151         Code  Wk  startup_stm32f40_41xxx.o [2]
SVC_Handler              0x800'10f1    0x2  Code  Gb  stm32f4xx_it.o [3]
SYSCFG_EXTILineConfig    0x800'366d   0x4c  Code  Gb  stm32f4xx_syscfg.o [4]
Serial2_Send             0x800'2665   0x1e  Code  Gb  uart2.o [1]
Serial2_Send_String      0x800'2683   0x16  Code  Gb  uart2.o [1]
Serial4_Event            0x800'2009  0x14e  Code  Gb  main.o [1]
Serial4_Send             0x800'27cd   0x1e  Code  Gb  uart4.o [1]
Serial4_Send_String      0x800'27eb   0x16  Code  Gb  uart4.o [1]
SetSysClock              0x800'3c33   0xaa  Code  Lc  system_stm32f4xx.o [3]
SysTick_Handler          0x800'10f7    0x2  Code  Gb  stm32f4xx_it.o [3]
SystemInit               0x800'3bed   0x46  Code  Gb  system_stm32f4xx.o [3]
TAMP_STAMP_IRQHandler    0x800'409d         Code  Wk  startup_stm32f40_41xxx.o [2]
TI1_Config               0x800'3917   0x34  Code  Lc  stm32f4xx_tim.o [4]
TI2_Config               0x800'394b   0x3a  Code  Lc  stm32f4xx_tim.o [4]
TIM10_Motor_Init         0x800'2835   0xc4  Code  Gb  tim10_motor.o [1]
TIM1_BRK_TIM9_IRQHandler
                         0x800'40f1         Code  Wk  startup_stm32f40_41xxx.o [2]
TIM1_CC_IRQHandler       0x800'40fd         Code  Wk  startup_stm32f40_41xxx.o [2]
TIM1_TRG_COM_TIM11_IRQHandler
                         0x800'40f9         Code  Wk  startup_stm32f40_41xxx.o [2]
TIM1_UP_TIM10_IRQHandler
                         0x800'40f5         Code  Wk  startup_stm32f40_41xxx.o [2]
TIM2_IRQHandler          0x800'4101         Code  Wk  startup_stm32f40_41xxx.o [2]
TIM3_IRQHandler          0x800'4105         Code  Wk  startup_stm32f40_41xxx.o [2]
TIM4_Counter_Init        0x800'28f9   0x92  Code  Gb  tim4_counter.o [1]
TIM4_IRQHandler          0x800'298b   0x28  Code  Gb  tim4_counter.o [1]
TIM5_IRQHandler          0x800'414d         Code  Wk  startup_stm32f40_41xxx.o [2]
TIM6_DAC_IRQHandler      0x800'4159         Code  Wk  startup_stm32f40_41xxx.o [2]
TIM7_Fnd_Init            0x800'2385   0xa0  Code  Gb  tim7_fnd.o [1]
TIM7_IRQHandler          0x800'2425   0x60  Code  Gb  tim7_fnd.o [1]
TIM7_IRQHandler::fnd_digit
                        0x2000'0028    0x4  Data  Lc  tim7_fnd.o [1]
TIM8_BRK_TIM12_IRQHandler
                         0x800'4131         Code  Wk  startup_stm32f40_41xxx.o [2]
TIM8_CC_IRQHandler       0x800'413d         Code  Wk  startup_stm32f40_41xxx.o [2]
TIM8_TRG_COM_TIM14_IRQHandler
                         0x800'4139         Code  Wk  startup_stm32f40_41xxx.o [2]
TIM8_UP_TIM13_IRQHandler
                         0x800'4135         Code  Wk  startup_stm32f40_41xxx.o [2]
TIM_ARRPreloadConfig     0x800'37a7   0x1c  Code  Gb  stm32f4xx_tim.o [4]
TIM_ClearITPendingBit    0x800'38c1    0x8  Code  Gb  stm32f4xx_tim.o [4]
TIM_Cmd                  0x800'37c3   0x1c  Code  Gb  stm32f4xx_tim.o [4]
TIM_GetITStatus          0x800'389d   0x24  Code  Gb  stm32f4xx_tim.o [4]
TIM_ITConfig             0x800'3885   0x18  Code  Gb  stm32f4xx_tim.o [4]
TIM_OC1Init              0x800'37df   0x78  Code  Gb  stm32f4xx_tim.o [4]
TIM_OC1PreloadConfig     0x800'3875   0x10  Code  Gb  stm32f4xx_tim.o [4]
TIM_SelectInputTrigger   0x800'3907   0x10  Code  Gb  stm32f4xx_tim.o [4]
TIM_TIxExternalClockConfig
                         0x800'38c9   0x3e  Code  Gb  stm32f4xx_tim.o [4]
TIM_TimeBaseInit         0x800'373d   0x6a  Code  Gb  stm32f4xx_tim.o [4]
UART2_init               0x800'25a9   0xbc  Code  Gb  uart2.o [1]
UART4_IRQHandler         0x800'2801   0x24  Code  Gb  uart4.o [1]
UART4_init               0x800'2711   0xbc  Code  Gb  uart4.o [1]
UART5_IRQHandler         0x800'4155         Code  Wk  startup_stm32f40_41xxx.o [2]
USART1_IRQHandler        0x800'4121         Code  Wk  startup_stm32f40_41xxx.o [2]
USART2_IRQHandler        0x800'26bb   0x42  Code  Gb  uart2.o [1]
USART2_IRQHandler{1}{2}::i
                        0x2000'0370    0x4  Data  Lc  uart2.o [1]
USART3_IRQHandler        0x800'4125         Code  Wk  startup_stm32f40_41xxx.o [2]
USART6_IRQHandler        0x800'4199         Code  Wk  startup_stm32f40_41xxx.o [2]
USART_Cmd                0x800'3a4d   0x1c  Code  Gb  stm32f4xx_usart.o [4]
USART_GetFlagStatus      0x800'3acd   0x1a  Code  Gb  stm32f4xx_usart.o [4]
USART_GetITStatus        0x800'3ae7   0x64  Code  Gb  stm32f4xx_usart.o [4]
USART_ITConfig           0x800'3a79   0x54  Code  Gb  stm32f4xx_usart.o [4]
USART_Init               0x800'3985   0xba  Code  Gb  stm32f4xx_usart.o [4]
USART_ReceiveData        0x800'3a71    0x8  Code  Gb  stm32f4xx_usart.o [4]
USART_SendData           0x800'3a69    0x8  Code  Gb  stm32f4xx_usart.o [4]
UsageFault_Handler       0x800'10ef    0x2  Code  Gb  stm32f4xx_it.o [3]
WIFI_init                0x800'2c6d   0x5c  Code  Gb  wifi.o [1]
WIFI_send                0x800'2df5   0x82  Code  Gb  wifi.o [1]
WIFI_send::connect_flag
                        0x2000'0374    0x4  Data  Lc  wifi.o [1]
WWDG_IRQHandler          0x800'4095         Code  Wk  startup_stm32f40_41xxx.o [2]
_LC                      0x800'0189    0x6  Code  Lc  xprintffull_nomb.o [5]
_LitobFullNoMb           0x800'0e71  0x114  Code  Lc  xprintffull_nomb.o [5]
_LocaleC_isspace         0x800'1b79   0x14  Code  Gb  xlocale_c.o [5]
_LocaleC_isupper         0x800'1b6d    0x2  Code  Gb  xlocale_c.o [5]
_LocaleC_tolower         0x800'1b8d    0xc  Code  Gb  xlocale_c.o [5]
_Locale_lconv           0x2000'002c   0x38  Data  Lc  xlocale_c.o [5]
_PrintfFullNoMb          0x800'018f  0xcb4  Code  Gb  xprintffull_nomb.o [5]
_Prout                   0x800'3ed9   0x16  Code  Gb  xprout.o [5]
_PutcharsFullNoMb        0x800'0fdd   0x2e  Code  Lc  xprintffull_nomb.o [5]
_SProut                  0x800'116f    0xa  Code  Gb  xsprout.o [5]
_Strtok_ssave           0x2000'0378    0x4  Data  Lc  strtok.o [5]
__aeabi_cdcmple          0x800'12e9         Code  Gb  DblCmpLe.o [6]
__aeabi_cdrcmple         0x800'131d         Code  Gb  DblCmpGe.o [6]
__aeabi_d2iz             0x800'148d         Code  Gb  DblToS32.o [6]
__aeabi_d2uiz            0x800'1981         Code  Gb  DblToU32.o [6]
__aeabi_ddiv             0x800'1739         Code  Gb  DblDiv.o [6]
__aeabi_dmul             0x800'19c1         Code  Gb  DblMul.o [6]
__aeabi_dsub             0x800'1655         Code  Gb  DblAddSub.o [6]
__aeabi_i2d              0x800'14c5         Code  Gb  S32ToDbl.o [6]
__aeabi_ldiv0            0x800'1de1         Code  Gb  I64DivZer.o [7]
__aeabi_memclr4          0x800'3171         Code  Gb  ABImemclr4.o [7]
__aeabi_memcpy           0x800'11d1         Code  Gb  ABImemcpy.o [7]
__aeabi_memcpy4          0x800'11f1         Code  Gb  ABImemcpy.o [7]
__aeabi_memcpy8          0x800'11f1         Code  Gb  ABImemcpy.o [7]
__aeabi_memset           0x800'3179         Code  Gb  ABImemset.o [7]
__aeabi_ui2d             0x800'19a5         Code  Gb  U32ToDbl.o [6]
__aeabi_uldivmod         0x800'1ba9         Code  Gb  I64DivMod.o [7]
__cmain                  0x800'3e05         Code  Gb  cmain.o [7]
__exit                   0x800'1de5   0x14  Code  Gb  exit.o [8]
__iar_Fail_s             0x800'10f9   0x1c  Code  Gb  xfail_s.o [5]
__iar_Memchr             0x800'1179         Code  Gb  memchr.o [7]
__iar_Memset             0x800'3179         Code  Gb  ABImemset.o [7]
__iar_Memset4_word       0x800'3b4d         Code  Gb  ABImemset48.o [7]
__iar_Memset8_word       0x800'3b4d         Code  Gb  ABImemset48.o [7]
__iar_Memset_word        0x800'3181         Code  Gb  ABImemset.o [7]
__iar_Stoul              0x800'3381    0x2  Code  Gb  iar_Stoulx.o [5]
__iar_Stoulx             0x800'3241  0x13a  Code  Gb  iar_Stoulx.o [5]
__iar_Strchr             0x800'10d1         Code  Gb  strchr.o [7]
__iar_data_init3         0x800'3d99   0x28  Code  Gb  data_init.o [7]
__iar_frexp              0x800'1285         Code  Gb  frexp.o [6]
__iar_frexpl             0x800'1285         Code  Gb  frexp.o [6]
__iar_globLocale        0x2000'0064   0x48  Data  Lc  xlocale_c.o [5]
__iar_global_Locale      0x800'1b99    0x4  Code  Gb  xlocale_c.o [5]
__iar_init_vfp           0x800'3dc1         Code  Gb  fpinit_M.o [6]
__iar_ldexp64            0x800'1351         Code  Gb  ldexp.o [6]
__iar_lz77_init_single3
                         0x800'1053   0x7e  Code  Gb  lz77_init_single.o [7]
__iar_program_start      0x800'3e8d         Code  Gb  cstartup_M.o [7]
__iar_scalbln64          0x800'1351         Code  Gb  ldexp.o [6]
__iar_scalbn64           0x800'1351         Code  Gb  ldexp.o [6]
__iar_softfp___iar_frexp64
                         0x800'1279         Code  Gb  frexp.o [6]
__iar_softfp_frexp       0x800'1279         Code  Gb  frexp.o [6]
__iar_softfp_frexpl      0x800'1279         Code  Gb  frexp.o [6]
__iar_zero_init3         0x800'3d61   0x38  Code  Gb  zero_init3.o [7]
__low_level_init         0x800'3e23    0x4  Code  Gb  low_level_init.o [5]
__vector_table           0x800'0000         Data  Gb  startup_stm32f40_41xxx.o [2]
_call_main               0x800'3e11         Code  Gb  cmain.o [7]
_exit                    0x800'3e2d         Code  Gb  cexit.o [7]
abort                    0x800'1dd9    0x6  Code  Gb  abort.o [5]
abs                      0x800'3169    0x8  Code  Wk  abs.o [5]
adc1Flag                0x2000'033c    0x4  Data  Gb  adc1.o [1]
adc_data                0x2000'0380    0x2  Data  Gb  adc1.o [1]
atoi                     0x800'3383    0x2  Code  Gb  iar_Stoulx.o [5]
connectWiFi              0x800'2cc9   0x42  Code  Gb  wifi.o [1]
digits                   0x800'3d38   0x28  Data  Lc  iar_Stoulx.o [5]
display_digit            0x800'251b   0x56  Code  Gb  tim7_fnd.o [1]
display_fnd              0x800'2485   0x96  Code  Gb  tim7_fnd.o [1]
display_fnd::buff       0x2000'036c    0x4  Data  Lc  tim7_fnd.o [1]
display_fnd::n1         0x2000'0368    0x4  Data  Lc  tim7_fnd.o [1]
display_fnd::n10        0x2000'0364    0x4  Data  Lc  tim7_fnd.o [1]
display_fnd::n100       0x2000'0360    0x4  Data  Lc  tim7_fnd.o [1]
display_fnd::n1000      0x2000'035c    0x4  Data  Lc  tim7_fnd.o [1]
exit                     0x800'3e27    0x4  Code  Gb  exit.o [5]
fndNumber               0x2000'0354    0x4  Data  Gb  tim7_fnd.o [1]
isspace                  0x800'3bc3   0x14  Code  Gb  isspace.o [5]
key                     0x2000'0340    0x4  Data  Gb  key.o [1]
lcd                      0x800'2b49   0x1e  Code  Gb  lcd.o [1]
lcd_char                 0x800'2ad1   0x20  Code  Gb  lcd.o [1]
lcd_disp                 0x800'2af1   0x4e  Code  Gb  lcd.o [1]
ldexp                    0x800'1351         Code  Gb  ldexp.o [6]
ldexpl                   0x800'1351         Code  Gb  ldexp.o [6]
localeconv               0x800'1b9d    0x4  Code  Gb  xlocale_c.o [5]
main                     0x800'1df9  0x210  Code  Gb  main.o [1]
map                      0x800'2251   0x18  Code  Gb  main.o [1]
memchr                   0x800'1179         Code  Gb  memchr.o [7]
ndigs                    0x800'3d10   0x28  Data  Lc  iar_Stoulx.o [5]
printf                   0x800'2f69   0x28  Code  Gb  printf.o [5]
putchar                  0x800'2699   0x22  Code  Gb  uart2.o [1]
pwm                     0x2000'0000    0x4  Data  Gb  main.o [1]
recvData                0x2000'02d4   0x34  Data  Gb  main.o [1]
rx2Data                 0x2000'0308   0x34  Data  Gb  uart2.o [1]
rx2Flag                 0x2000'0382    0x1  Data  Gb  uart2.o [1]
rx4Data                 0x2000'0384    0x1  Data  Gb  uart4.o [1]
rx4Flag                 0x2000'0383    0x1  Data  Gb  uart4.o [1]
scalbln                  0x800'1351         Code  Gb  ldexp.o [6]
scalblnl                 0x800'1351         Code  Gb  ldexp.o [6]
scalbn                   0x800'1351         Code  Gb  ldexp.o [6]
scalbnl                  0x800'1351         Code  Gb  ldexp.o [6]
scale                    0x800'0f85   0x46  Code  Lc  xprintffull_nomb.o [5]
sec_hand                0x2000'037c    0x4  Data  Lc  xfail_s.o [5]
sendData                0x2000'02a0   0x34  Data  Gb  main.o [1]
sprintf                  0x800'2ee5   0x40  Code  Gb  sprintf.o [5]
strchr                   0x800'10d1         Code  Gb  strchr.o [7]
strcmp                   0x800'322d         Code  Gb  strcmp.o [7]
strcpy                   0x800'2f51         Code  Gb  strcpy.o [7]
strcspn                  0x800'3ba1   0x22  Code  Gb  strcspn.o [5]
strlen                   0x800'1139         Code  Gb  strlen.o [7]
strncmp                  0x800'2f25   0x2a  Code  Gb  strncmp.o [5]
strspn                   0x800'3b7f   0x22  Code  Gb  strspn.o [5]
strtok                   0x800'31e1   0x4c  Code  Gb  strtok.o [5]
systick_count           0x2000'034c    0x4  Data  Gb  tim7_fnd.o [1]
systick_sec             0x2000'0350    0x4  Data  Gb  tim7_fnd.o [1]
systick_secFlag         0x2000'0358    0x4  Data  Gb  tim7_fnd.o [1]
t_cnt                   0x2000'0348    0x4  Data  Lc  tim7_fnd.o [1]
tim1_counter            0x2000'0344    0x4  Data  Gb  tim4_counter.o [1]
tolower                  0x800'3bd7   0x14  Code  Gb  tolower.o [5]
uart4_rxdata            0x2000'00ac  0x1f4  Data  Gb  wifi.o [1]
wifi_send_cmd            0x800'2d0b   0x22  Code  Gb  wifi.o [1]
wifi_wait                0x800'2d2d   0xc8  Code  Gb  wifi.o [1]


[1] = C:\Users\IoT03\Documents\iar\sampleUart2_project_split_ksh_v5_wifi\Debug\Obj
[2] = C:\Users\IoT03\Documents\iar\sampleUart2_project_split_ksh_v5_wifi\Debug\Obj\CMSIS
[3] = C:\Users\IoT03\Documents\iar\sampleUart2_project_split_ksh_v5_wifi\Debug\Obj\COMM
[4] = C:\Users\IoT03\Documents\iar\sampleUart2_project_split_ksh_v5_wifi\Debug\Obj\STM32
[5] = dl7M_tlf.a
[6] = m7M_tls.a
[7] = rt7M_tl.a
[8] = shb_l.a

  16'177 bytes of readonly  code memory
     746 bytes of readonly  data memory
   9'093 bytes of readwrite data memory

Errors: none
Warnings: none
